[BOOT] Silent Hill 360, timebase=1258381232
[BOOT] root='uda:/silenthill/' bin='Silent Hill (USA).bin' found=1
[CFG] config file: uda:/silenthill/silenthill.cfg
[GTE] RotTransPers v(64,32,512) -> sx=352 sy=256 sz=128 flag=0x1000 (expect sx=352 sy=256)
[CD] bin open: 'uda:/silenthill/Silent Hill (USA).bin'
[CD] BIN: uda:/silenthill/Silent Hill (USA).bin
[CD] PVD id='CD001' (expect CD001)
[GPU] Xe up: framebuffer 1280x720
[GPU] shader magic bad: vs=9ddf ps=8143 (want 102a) - not loading
[GPU] shaders present but failed to load - count-only mode
[PAD] libxenon usb up
[MCRD] card path = uda:/silenthill/save/0.MCD
[BOOT] PSX RAM @ 0x80d07a00
[BOOT] game data initialised
[AUD] xenon_sound up: 48000 Hz stereo, 256-frame chunks
[BOOT] subsystems up; entering MainLoop
[SH-XBOX] layout check ok: sizeof(s_SysWork)=38584 sizeof(s_GameWork)=1496
[PAD] PadInitDirect buf=0x810210e4
[ARENA] buf0=0x81890108 buf1=0x81a90150
[SH-XBOX] GameState -> 0 (step 0)
[MCFSM] state=0 step=0 (was -1/-1 after 0 f)
[VIB] vibrationEnabled = 0 (0 = off; Options 'Vibration' row)
[PAD] buttons=F1FF
[GPU] frame=0 prims=0 verts=0 draws=0 texbind=0 blend=0 scissor=0 ready=0
[OT] DrawOTag head=0x8101692e (walking; per-node trace off)
[OT] walk done after 2048 nodes (cap hit=0)
[MCFSM] state=1 step=0 (was 0/0 after 0 f)
[MCRD] card_info chan=0 -> IOE (n=1)
[PAD] buttons=FFFF
[MCFSM] state=1 step=2 (was 1/0 after 0 f)
[MCFSM] state=0 step=0 (was 1/2 after 0 f)
[MCFSM] state=1 step=0 (was 0/0 after 0 f)
[MCRD] card_info chan=0 -> IOE (n=2)
[MCFSM] state=1 step=2 (was 1/0 after 0 f)
[MCFSM] state=2 step=0 (was 1/2 after 0 f)
[MCRD] card_clear chan=0 -> IOE (n=1)
[PAD] buttons=FF3F
[MCFSM] state=2 step=2 (was 2/0 after 0 f)
[PAD] buttons=FFFF
[MCFSM] state=3 step=0 (was 2/2 after 0 f)
[MCRD] card_load chan=0 -> IOE (n=1)
[MCFSM] state=3 step=2 (was 3/0 after 0 f)
[LOOSE/INIT] allow_loose_files=0  base=gamedata/load/  verbose=no
[MCFSM] state=4 step=0 (was 3/2 after 0 f)
[MCRD] dir scan chan=0 (n=1)
[MCFSM] state=0 step=0 (was 4/0 after 0 f)
[BOOT0/TIM] PostLoadTim file=6 'FONT16.TIM' ss=0x287 img.u=0 img.v=240 tPage=0,16 clutX=304 clutY=511
[BOOT0/TIM] post ReadTIM: prect=0x80eea038 caddr=0x80eea014 paddr=0x80eea040 mode=8
[BOOT0/TIM] pre pixel LoadImage rect=(0,496 256x16)
[FONTCLOB] Load x=0 y=496 w=256 h=16
[BOOT0/TIM] pre CLUT LoadImage rect=(304,511 16x1)
[BOOT0/TIM] PostLoadTim done
[MCFSM] state=1 step=0 (was 0/0 after 0 f)
[MCRD] card_info chan=1 -> IOE (n=3)
[MCFSM] state=1 step=2 (was 1/0 after 0 f)
[MCFSM] state=0 step=0 (was 1/2 after 0 f)
[BOOT0/TIM] PostLoadTim file=8 'KONAMI.TIM' ss=0x28e img.u=0 img.v=0 tPage=0,12 clutX=0 clutY=0
[BOOT0/TIM] post ReadTIM: prect=0x80eea038 caddr=0x80eea014 paddr=0x80eea040 mode=8
[BOOT0/TIM] pre pixel LoadImage rect=(768,0 96x384)
[BOOT0/TIM] pre CLUT LoadImage rect=(0,0 16x1)
[BOOT0/TIM] PostLoadTim done
[MCFSM] state=1 step=0 (was 0/0 after 0 f)
[MCRD] card_info chan=1 -> IOE (n=4)
[MCFSM] state=1 step=2 (was 1/0 after 0 f)
[MCFSM] state=2 step=0 (was 1/2 after 0 f)
[MCRD] card_clear chan=1 -> IOE (n=2)
[MCFSM] state=2 step=2 (was 2/0 after 0 f)
[MCFSM] state=3 step=0 (was 2/2 after 0 f)
[MCRD] card_load chan=1 -> IOE (n=2)
[MCFSM] state=3 step=2 (was 3/0 after 0 f)
[MCFSM] state=4 step=0 (was 3/2 after 0 f)
[MCRD] dir scan chan=1 (n=2)
[MCFSM] state=0 step=0 (was 4/0 after 0 f)
[MCFSM] state=1 step=0 (was 0/0 after 0 f)
[MCRD] card_info chan=2 -> IOE (n=5)
[MCFSM] state=1 step=2 (was 1/0 after 0 f)
[SH-XBOX] GameState -> 1 (step 0)
[MCFSM] state=0 step=0 (was 1/2 after 0 f)
[MCFSM] state=1 step=0 (was 0/0 after 0 f)
[MCRD] card_info chan=2 -> IOE (n=6)
[MCFSM] state=1 step=2 (was 1/0 after 0 f)
[MCFSM] state=2 step=0 (was 1/2 after 0 f)
[MCRD] card_clear chan=2 -> IOE (n=3)
[MCFSM] state=2 step=2 (was 2/0 after 0 f)
[BOOT0/TIM] PostLoadTim file=9 'KONAMI2.TIM' ss=0x2b3 img.u=0 img.v=0 tPage=0,14 clutX=0 clutY=1
[BOOT0/TIM] post ReadTIM: prect=0x80eea038 caddr=0x80eea014 paddr=0x80eea040 mode=8
[BOOT0/TIM] pre pixel LoadImage rect=(896,0 104x160)
[BOOT0/TIM] pre CLUT LoadImage rect=(0,1 16x1)
[BOOT0/TIM] PostLoadTim done
[MCFSM] state=3 step=0 (was 2/2 after 0 f)
[MCRD] card_load chan=2 -> IOE (n=3)
[MCFSM] state=3 step=2 (was 3/0 after 0 f)
[MCFSM] state=4 step=0 (was 3/2 after 0 f)
[MCRD] dir scan chan=2 (n=3)
[MCFSM] state=0 step=0 (was 4/0 after 0 f)
[MCFSM] state=1 step=0 (was 0/0 after 0 f)
[MCRD] card_info chan=3 -> IOE (n=7)
[MCFSM] state=1 step=2 (was 1/0 after 0 f)
[MCFSM] state=0 step=0 (was 1/2 after 0 f)
[MCFSM] state=1 step=0 (was 0/0 after 0 f)
[MCRD] card_info chan=3 -> IOE (n=8)
[BOOT0/TIM] PostLoadTim file=1423 'HERO.TIM' ss=0x5a6a img.u=0 img.v=0 tPage=0,27 clutX=736 clutY=480
[BOOT0/TIM] post ReadTIM: prect=0x80eea1f8 caddr=0x80eea014 paddr=0x80eea200 mode=8
[BOOT0/TIM] pre pixel LoadImage rect=(704,256 64x192)
[BOOT0/TIM] pre CLUT LoadImage rect=(736,480 16x15)
[BOOT0/TIM] PostLoadTim done
[MCFSM] state=1 step=2 (was 1/0 after 0 f)
[MCFSM] state=2 step=0 (was 1/2 after 0 f)
[MCRD] card_clear chan=3 -> IOE (n=4)
[MCFSM] state=2 step=2 (was 2/0 after 0 f)
[MCFSM] state=3 step=0 (was 2/2 after 0 f)
[MCRD] card_load chan=3 -> IOE (n=4)
[MCFSM] state=3 step=2 (was 3/0 after 0 f)
[MCFSM] state=4 step=0 (was 3/2 after 0 f)
[MCRD] dir scan chan=3 (n=4)
[MCFSM] state=0 step=0 (was 4/0 after 0 f)
[MCFSM] state=1 step=0 (was 0/0 after 0 f)
[MCRD] card_info chan=16 -> IOE (n=9)
[BOOT0/TIM] PostLoadTim file=1802 'BLD.TIM' ss=0x795b img.u=0 img.v=0 tPage=0,11 clutX=304 clutY=0
[BOOT0/TIM] post ReadTIM: prect=0x80ef4a18 caddr=0x80ef4814 paddr=0x80ef4a20 mode=8
[BOOT0/TIM] pre pixel LoadImage rect=(704,0 64x256)
[BOOT0/TIM] pre CLUT LoadImage rect=(304,0 16x16)
[BOOT0/TIM] PostLoadTim done
[MCFSM] state=1 step=2 (was 1/0 after 0 f)
[MCFSM] state=0 step=0 (was 1/2 after 0 f)
[MCFSM] state=1 step=0 (was 0/0 after 0 f)
[MCRD] card_info chan=16 -> IOE (n=10)
[MCFSM] state=1 step=2 (was 1/0 after 0 f)
[MCFSM] state=2 step=0 (was 1/2 after 0 f)
[MCRD] card_clear chan=16 -> IOE (n=5)
[GPU] frame=60 prims=1 verts=6 draws=0 texbind=0 blend=0 scissor=0 ready=0
[MCFSM] state=2 step=2 (was 2/0 after 0 f)
[MCFSM] state=3 step=0 (was 2/2 after 0 f)
[MCRD] card_load chan=16 -> IOE (n=5)
[MCFSM] state=3 step=2 (was 3/0 after 0 f)
[MCFSM] state=4 step=0 (was 3/2 after 0 f)
[MCRD] dir scan chan=8 (n=5)
[MCFSM] state=0 step=0 (was 4/0 after 0 f)
[MCFSM] state=1 step=0 (was 0/0 after 0 f)
[MCRD] card_info chan=17 -> IOE (n=11)
[MCFSM] state=1 step=2 (was 1/0 after 0 f)
[MCFSM] state=0 step=0 (was 1/2 after 0 f)
[MCFSM] state=1 step=0 (was 0/0 after 0 f)
[MCRD] card_info chan=17 -> IOE (n=12)
[MCRD] card_clear chan=17 -> IOE (n=6)
[MCRD] card_load chan=17 -> IOE (n=6)
[MCRD] dir scan chan=9 (n=6)
[MCRD] card_info chan=18 -> IOE (n=13)
[MCRD] card_info chan=18 -> IOE (n=14)
[MCRD] card_clear chan=18 -> IOE (n=7)
[MCRD] card_load chan=18 -> IOE (n=7)
[MCRD] dir scan chan=10 (n=7)
[MCRD] card_info chan=19 -> IOE (n=15)
[MCRD] card_info chan=19 -> IOE (n=16)
[MCRD] card_clear chan=19 -> IOE (n=8)
[MCRD] card_load chan=19 -> IOE (n=8)
[MCRD] dir scan chan=11 (n=8)
[OTS] f=120 calls=2 n0=27 n1=18 prims=1014 bb=-320,2240,-274,754
[FOGPAD] gt=0 fogged=0 padMin=-1 padMax=-1
[ABR] avg=0 add=0 sub=111 q=0 lines=0 unk=0 oversize=0
[OTT] walkUs=0 texUs=0 emitUs=0 submitUs=0 otherUs=0 prims=1 usPerPrim=0
[GPU] frame=120 prims=1 verts=6 draws=0 texbind=0 blend=0 scissor=0 ready=0
[GPU] frame=180 prims=1 verts=6 draws=0 texbind=0 blend=0 scissor=0 ready=0
[OTS] f=240 calls=1 n0=27 n1=18 prims=1320 bb=0,1280,-17,497
[FOGPAD] gt=0 fogged=0 padMin=-1 padMax=-1
[ABR] avg=0 add=0 sub=120 q=0 lines=0 unk=0 oversize=0
[OTT] walkUs=0 texUs=0 emitUs=0 submitUs=0 otherUs=0 prims=1 usPerPrim=0
[GPU] frame=240 prims=1 verts=6 draws=0 texbind=0 blend=0 scissor=0 ready=0
[GPU] frame=300 prims=1 verts=6 draws=0 texbind=0 blend=0 scissor=0 ready=0
[OTS] f=360 calls=1 n0=27 n1=18 prims=1314 bb=0,1280,-17,497
[FOGPAD] gt=0 fogged=0 padMin=-1 padMax=-1
[ABR] avg=0 add=0 sub=117 q=0 lines=0 unk=0 oversize=0
[OTT] walkUs=0 texUs=0 emitUs=0 submitUs=0 otherUs=0 prims=1 usPerPrim=0
[GPU] frame=360 prims=1 verts=6 draws=0 texbind=0 blend=0 scissor=0 ready=0
[GPU] frame=420 prims=1 verts=6 draws=0 texbind=0 blend=0 scissor=0 ready=0
[OTS] f=480 calls=1 n0=27 n1=18 prims=1320 bb=0,1280,-17,497
[FOGPAD] gt=0 fogged=0 padMin=-1 padMax=-1
[ABR] avg=0 add=0 sub=120 q=0 lines=0 unk=0 oversize=0
[OTT] walkUs=0 texUs=0 emitUs=0 submitUs=0 otherUs=0 prims=1 usPerPrim=0
[GPU] frame=480 prims=1 verts=6 draws=0 texbind=0 blend=0 scissor=0 ready=0
[GPU] frame=540 prims=1 verts=6 draws=0 texbind=0 blend=0 scissor=0 ready=0
[SH-XBOX] vblank 600
[MEM] tick: used=8499KB arena=8620KB
[OTS] f=600 calls=1 n0=27 n1=18 prims=1320 bb=0,1280,-17,497
[FOGPAD] gt=0 fogged=0 padMin=-1 padMax=-1
[ABR] avg=0 add=0 sub=120 q=0 lines=0 unk=0 oversize=0
[OTT] walkUs=0 texUs=0 emitUs=0 submitUs=0 otherUs=0 prims=1 usPerPrim=0
[GPU] frame=600 prims=1 verts=6 draws=0 texbind=0 blend=0 scissor=0 ready=0
[GPU] frame=660 prims=1 verts=6 draws=0 texbind=0 blend=0 scissor=0 ready=0
[SH-XBOX] GameState -> 2 (step 0)
[BOOT0/TIM] PostLoadTim file=1799 'BG_ETC.TIM' ss=0x7906 img.u=0 img.v=0 tPage=0,12 clutX=192 clutY=0
[BOOT0/TIM] post ReadTIM: prect=0x80eea178 caddr=0x80eea014 paddr=0x80eea180 mode=8
[BOOT0/TIM] pre pixel LoadImage rect=(768,0 32x256)
[BOOT0/TIM] pre CLUT LoadImage rect=(192,0 16x11)
[BOOT0/TIM] PostLoadTim done
[OTS] f=720 calls=2 n0=23 n1=18 prims=1089 bb=0,1280,-17,497
[FOGPAD] gt=0 fogged=0 padMin=-1 padMax=-1
[ABR] avg=0 add=0 sub=118 q=0 lines=0 unk=0 oversize=0
[OTT] walkUs=0 texUs=0 emitUs=0 submitUs=0 otherUs=0 prims=1 usPerPrim=0
[GPU] frame=720 prims=1 verts=6 draws=0 texbind=0 blend=0 scissor=0 ready=0
[GPU] frame=780 prims=1 verts=6 draws=0 texbind=0 blend=0 scissor=0 ready=0
[MCRD] card_info chan=19 -> IOE (n=256)
[OTS] f=840 calls=1 n0=23 n1=18 prims=840 bb=0,1280,-17,497
[FOGPAD] gt=0 fogged=0 padMin=-1 padMax=-1
[ABR] avg=0 add=0 sub=120 q=0 lines=0 unk=0 oversize=0
[OTT] walkUs=0 texUs=0 emitUs=0 submitUs=0 otherUs=0 prims=1 usPerPrim=0
[GPU] frame=840 prims=1 verts=6 draws=0 texbind=0 blend=0 scissor=0 ready=0
[GPU] frame=900 prims=1 verts=6 draws=0 texbind=0 blend=0 scissor=0 ready=0
[OTS] f=960 calls=1 n0=23 n1=18 prims=840 bb=0,1280,-17,497
[FOGPAD] gt=0 fogged=0 padMin=-1 padMax=-1
[ABR] avg=0 add=0 sub=120 q=0 lines=0 unk=0 oversize=0
[OTT] walkUs=0 texUs=0 emitUs=0 submitUs=0 otherUs=0 prims=1 usPerPrim=0
[GPU] frame=960 prims=1 verts=6 draws=0 texbind=0 blend=0 scissor=0 ready=0
[VIB] vibrationEnabled = 128 (0 = off; Options 'Vibration' row)
[GPU] frame=1020 prims=1 verts=6 draws=0 texbind=0 blend=0 scissor=0 ready=0
[OTS] f=1080 calls=1 n0=23 n1=18 prims=811 bb=0,1280,-17,497
[FOGPAD] gt=0 fogged=0 padMin=-1 padMax=-1
[ABR] avg=0 add=0 sub=113 q=0 lines=0 unk=0 oversize=0
[OTT] walkUs=0 texUs=0 emitUs=0 submitUs=0 otherUs=0 prims=1 usPerPrim=0
[GPU] frame=1080 prims=1 verts=6 draws=0 texbind=0 blend=0 scissor=0 ready=0
[GPU] frame=1140 prims=1 verts=6 draws=0 texbind=0 blend=0 scissor=0 ready=0
[SH-XBOX] vblank 1200
[MEM] tick: used=8499KB arena=8620KB
[OTS] f=1200 calls=1 n0=23 n1=18 prims=840 bb=0,1280,-17,497
[FOGPAD] gt=0 fogged=0 padMin=-1 padMax=-1
[ABR] avg=0 add=0 sub=120 q=0 lines=0 unk=0 oversize=0
[OTT] walkUs=0 texUs=0 emitUs=0 submitUs=0 otherUs=0 prims=1 usPerPrim=0
[GPU] frame=1200 prims=1 verts=6 draws=0 texbind=0 blend=0 scissor=0 ready=0
[GPU] frame=1260 prims=1 verts=6 draws=0 texbind=0 blend=0 scissor=0 ready=0
[BOOT0/TIM] PostLoadTim file=1980 'TITLE_E.TIM' ss=0x90b7 img.u=32 img.v=0 tPage=1,13 clutX=224 clutY=15
[BOOT0/TIM] post ReadTIM: prect=0x80eba218 caddr=0x80eba014 paddr=0x80eba220 mode=9
[BOOT0/TIM] pre pixel LoadImage rect=(864,0 160x480)
[BOOT0/TIM] pre CLUT LoadImage rect=(224,15 256x1)
[BOOT0/TIM] PostLoadTim done
[GPU] frame=1320 prims=0 verts=0 draws=0 texbind=0 blend=0 scissor=0 ready=0
[SH-XBOX] GameState -> 6 (step 0)
[SH] open_main: playing FMV (file=2053 frames=0)
[FMV] stub: movie 2053 skipped, no 360 decoder yet
[SH] open_main: FMV_Play returned
[SH-XBOX] GameState -> 7 (step 0)
[BOOT-STEP] GameStartup step=0 qlen=0
[TRANSITION] GameStartup step=0: processFlags=0x20 (BootDemo) sizeof(s_WorldGfxWork)=zu
[BOOT-STEP] GameStartup step=1 qlen=0
[GPU] frame=1380 prims=67 verts=402 draws=0 texbind=0 blend=0 scissor=0 ready=0
[OTS] f=1440 calls=2 n0=2056 n1=271 prims=30518 bb=-320,2240,-274,1028
[FOGPAD] gt=0 fogged=0 padMin=-1 padMax=-1
[ABR] avg=0 add=0 sub=127 q=0 lines=0 unk=0 oversize=17222
[OTT] walkUs=31 texUs=0 emitUs=2 submitUs=0 otherUs=28 prims=41 usPerPrim=0
[GPU] frame=1440 prims=41 verts=246 draws=0 texbind=0 blend=0 scissor=0 ready=0
[GPU] frame=1500 prims=42 verts=252 draws=0 texbind=0 blend=0 scissor=0 ready=0
[OTS] f=1560 calls=2 n0=2056 n1=271 prims=31560 bb=0,834,248,600
[FOGPAD] gt=0 fogged=0 padMin=-1 padMax=-1
[ABR] avg=0 add=0 sub=0 q=0 lines=0 unk=0 oversize=21514
[OTT] walkUs=31 texUs=0 emitUs=2 submitUs=0 otherUs=29 prims=43 usPerPrim=0
[GPU] frame=1560 prims=43 verts=258 draws=0 texbind=0 blend=0 scissor=0 ready=0
[MCRD] card_info chan=19 -> IOE (n=512)
[GPU] frame=1620 prims=37 verts=222 draws=0 texbind=0 blend=0 scissor=0 ready=0
[OTS] f=1680 calls=2 n0=2056 n1=271 prims=31560 bb=0,834,248,600
[FOGPAD] gt=0 fogged=0 padMin=-1 padMax=-1
[ABR] avg=0 add=0 sub=0 q=0 lines=0 unk=0 oversize=21495
[OTT] walkUs=31 texUs=0 emitUs=2 submitUs=0 otherUs=29 prims=43 usPerPrim=0
[GPU] frame=1680 prims=43 verts=258 draws=0 texbind=0 blend=0 scissor=0 ready=0
[GPU] frame=1740 prims=43 verts=258 draws=0 texbind=0 blend=0 scissor=0 ready=0
[SH-XBOX] vblank 1800
[MEM] tick: used=8499KB arena=8620KB
[OTS] f=1800 calls=2 n0=2056 n1=271 prims=31560 bb=0,834,248,574
[FOGPAD] gt=0 fogged=0 padMin=-1 padMax=-1
[ABR] avg=0 add=0 sub=0 q=0 lines=0 unk=0 oversize=21395
[OTT] walkUs=30 texUs=0 emitUs=2 submitUs=0 otherUs=28 prims=38 usPerPrim=0
[GPU] frame=1800 prims=38 verts=228 draws=0 texbind=0 blend=0 scissor=0 ready=0
[GPU] frame=1860 prims=38 verts=228 draws=0 texbind=0 blend=0 scissor=0 ready=0
[OTS] f=1920 calls=2 n0=2056 n1=271 prims=31560 bb=0,834,248,600
[FOGPAD] gt=0 fogged=0 padMin=-1 padMax=-1
[ABR] avg=0 add=0 sub=0 q=0 lines=0 unk=0 oversize=21960
[OTT] walkUs=27 texUs=0 emitUs=1 submitUs=0 otherUs=25 prims=28 usPerPrim=0
[GPU] frame=1920 prims=28 verts=168 draws=0 texbind=0 blend=0 scissor=0 ready=0
[GPU] frame=1980 prims=28 verts=168 draws=0 texbind=0 blend=0 scissor=0 ready=0
[OTS] f=2040 calls=2 n0=2056 n1=271 prims=31560 bb=0,834,248,574
[FOGPAD] gt=0 fogged=0 padMin=-1 padMax=-1
[ABR] avg=0 add=0 sub=0 q=0 lines=0 unk=0 oversize=22601
[OTT] walkUs=31 texUs=0 emitUs=2 submitUs=0 otherUs=28 prims=41 usPerPrim=0
[GPU] frame=2040 prims=41 verts=246 draws=0 texbind=0 blend=0 scissor=0 ready=0
[GPU] frame=2100 prims=32 verts=192 draws=0 texbind=0 blend=0 scissor=0 ready=0
[OTS] f=2160 calls=2 n0=2056 n1=271 prims=31560 bb=0,834,248,574
[FOGPAD] gt=0 fogged=0 padMin=-1 padMax=-1
[ABR] avg=0 add=0 sub=0 q=0 lines=0 unk=0 oversize=22425
[OTT] walkUs=28 texUs=0 emitUs=1 submitUs=0 otherUs=26 prims=31 usPerPrim=0
[GPU] frame=2160 prims=31 verts=186 draws=0 texbind=0 blend=0 scissor=0 ready=0
[GPU] frame=2220 prims=32 verts=192 draws=0 texbind=0 blend=0 scissor=0 ready=0
[OTS] f=2280 calls=2 n0=2056 n1=271 prims=31560 bb=0,834,248,548
[FOGPAD] gt=0 fogged=0 padMin=-1 padMax=-1
[ABR] avg=0 add=0 sub=0 q=0 lines=0 unk=0 oversize=22547
[OTT] walkUs=29 texUs=0 emitUs=2 submitUs=0 otherUs=27 prims=37 usPerPrim=0
[GPU] frame=2280 prims=37 verts=222 draws=0 texbind=0 blend=0 scissor=0 ready=0
[GPU] frame=2340 prims=37 verts=222 draws=0 texbind=0 blend=0 scissor=0 ready=0
[MCRD] card_info chan=19 -> IOE (n=768)
[SH-XBOX] vblank 2400
[MEM] tick: used=8499KB arena=8620KB
[OTS] f=2400 calls=2 n0=2056 n1=271 prims=31560 bb=0,834,248,548
[FOGPAD] gt=0 fogged=0 padMin=-1 padMax=-1
[ABR] avg=0 add=0 sub=0 q=0 lines=0 unk=0 oversize=22002
[OTT] walkUs=28 texUs=0 emitUs=1 submitUs=0 otherUs=26 prims=33 usPerPrim=0
[GPU] frame=2400 prims=33 verts=198 draws=0 texbind=0 blend=0 scissor=0 ready=0
[GPU] frame=2460 prims=27 verts=162 draws=0 texbind=0 blend=0 scissor=0 ready=0
[OTS] f=2520 calls=2 n0=2056 n1=271 prims=31560 bb=0,834,248,548
[FOGPAD] gt=0 fogged=0 padMin=-1 padMax=-1
[ABR] avg=0 add=0 sub=0 q=0 lines=0 unk=0 oversize=22863
[OTT] walkUs=28 texUs=0 emitUs=1 submitUs=0 otherUs=26 prims=32 usPerPrim=0
[GPU] frame=2520 prims=32 verts=192 draws=0 texbind=0 blend=0 scissor=0 ready=0
[RESPOOL] reserved 34/34 slabs (1088KB pixels + 272KB cluts), free=9859KB
[CHARA-TEX] charaId=1 matCount=1 modelCount=23
[CHARA-TEX] mat[0] name='HERO' field_C=1 E=0x3b F=0x3b clut=0x782e UV=0x0000 tex=0x0
[CHARA-TEX] prim0: f0=0x5b13(UV0) f2=0xb830(clut) f4=0x5116(UV1) f6=0x3b00(tpage) f8=0x5112(UV2) fA=0x0000(UV3)
[CHARA-TEX] texDesc: tPage=[0,27] u=0 v=0 clutXY=(736,480)
[MAP-GUARD] overlay 10 (map2_s00) NOT LINKED — transition refused at GameBoot_GameStartup(demo) (x1)
[MAP-GUARD] overlay 4 (map1_s01) NOT LINKED — transition refused at GameBoot_GameStartup(demo) (x1)
[MAP-GUARD] overlay 5 (map1_s02) NOT LINKED — transition refused at GameBoot_GameStartup(demo) (x1)
[GPU] frame=2580 prims=55 verts=330 draws=0 texbind=0 blend=0 scissor=0 ready=0
[OTS] f=2640 calls=2 n0=2056 n1=271 prims=31560 bb=0,834,248,625
[FOGPAD] gt=0 fogged=0 padMin=-1 padMax=-1
[ABR] avg=0 add=0 sub=0 q=0 lines=0 unk=0 oversize=20428
[OTT] walkUs=35 texUs=0 emitUs=3 submitUs=0 otherUs=31 prims=56 usPerPrim=0
[GPU] frame=2640 prims=56 verts=336 draws=0 texbind=0 blend=0 scissor=0 ready=0
[GPU] frame=2700 prims=61 verts=366 draws=0 texbind=0 blend=0 scissor=0 ready=0
[OTS] f=2760 calls=2 n0=2056 n1=271 prims=31560 bb=0,834,248,600
[FOGPAD] gt=0 fogged=0 padMin=-1 padMax=-1
[ABR] avg=0 add=0 sub=0 q=0 lines=0 unk=0 oversize=19303
[OTT] walkUs=36 texUs=0 emitUs=3 submitUs=0 otherUs=32 prims=60 usPerPrim=0
[GPU] frame=2760 prims=60 verts=360 draws=0 texbind=0 blend=0 scissor=0 ready=0
[GPU] frame=2820 prims=56 verts=336 draws=0 texbind=0 blend=0 scissor=0 ready=0
[OTS] f=2880 calls=2 n0=2056 n1=271 prims=31560 bb=0,834,248,780
[FOGPAD] gt=0 fogged=0 padMin=-1 padMax=-1
[ABR] avg=0 add=0 sub=0 q=0 lines=0 unk=0 oversize=19808
[OTT] walkUs=35 texUs=0 emitUs=3 submitUs=0 otherUs=32 prims=59 usPerPrim=0
[GPU] frame=2880 prims=59 verts=354 draws=0 texbind=0 blend=0 scissor=0 ready=0
[GPU] frame=2940 prims=61 verts=366 draws=0 texbind=0 blend=0 scissor=0 ready=0
[SH-XBOX] vblank 3000
[MEM] tick: used=9860KB arena=9880KB
[OTS] f=3000 calls=2 n0=2056 n1=271 prims=31560 bb=0,834,248,600
[FOGPAD] gt=0 fogged=0 padMin=-1 padMax=-1
[ABR] avg=0 add=0 sub=0 q=0 lines=0 unk=0 oversize=19152
[OTT] walkUs=34 texUs=0 emitUs=3 submitUs=0 otherUs=31 prims=55 usPerPrim=0
[GPU] frame=3000 prims=55 verts=330 draws=0 texbind=0 blend=0 scissor=0 ready=0
[GPU] frame=3060 prims=47 verts=282 draws=0 texbind=0 blend=0 scissor=0 ready=0
[OTS] f=3120 calls=2 n0=2056 n1=271 prims=31560 bb=0,834,248,600
[FOGPAD] gt=0 fogged=0 padMin=-1 padMax=-1
[ABR] avg=0 add=0 sub=0 q=0 lines=0 unk=0 oversize=20510
[OTT] walkUs=33 texUs=0 emitUs=2 submitUs=0 otherUs=30 prims=50 usPerPrim=0
[GPU] frame=3120 prims=50 verts=300 draws=0 texbind=0 blend=0 scissor=0 ready=0
[MCRD] card_info chan=19 -> IOE (n=1024)
[GPU] frame=3180 prims=47 verts=282 draws=0 texbind=0 blend=0 scissor=0 ready=0
[OTS] f=3240 calls=2 n0=2056 n1=271 prims=31560 bb=0,834,248,780
[FOGPAD] gt=0 fogged=0 padMin=-1 padMax=-1
[ABR] avg=0 add=0 sub=0 q=0 lines=0 unk=0 oversize=20092
[OTT] walkUs=36 texUs=0 emitUs=3 submitUs=0 otherUs=32 prims=61 usPerPrim=0
[GPU] frame=3240 prims=61 verts=366 draws=0 texbind=0 blend=0 scissor=0 ready=0
[GPU] frame=3300 prims=59 verts=354 draws=0 texbind=0 blend=0 scissor=0 ready=0
[OTS] f=3360 calls=2 n0=2056 n1=271 prims=31560 bb=0,834,248,600
[FOGPAD] gt=0 fogged=0 padMin=-1 padMax=-1
[ABR] avg=0 add=0 sub=0 q=0 lines=0 unk=0 oversize=19285
[OTT] walkUs=34 texUs=0 emitUs=3 submitUs=0 otherUs=31 prims=56 usPerPrim=0
[GPU] frame=3360 prims=56 verts=336 draws=0 texbind=0 blend=0 scissor=0 ready=0
[GPU] frame=3420 prims=55 verts=330 draws=0 texbind=0 blend=0 scissor=0 ready=0
[OTS] f=3480 calls=2 n0=2056 n1=271 prims=31560 bb=0,834,248,625
[FOGPAD] gt=0 fogged=0 padMin=-1 padMax=-1
[ABR] avg=0 add=0 sub=0 q=0 lines=0 unk=0 oversize=19744
[OTT] walkUs=35 texUs=0 emitUs=3 submitUs=0 otherUs=32 prims=58 usPerPrim=0
[GPU] frame=3480 prims=58 verts=348 draws=0 texbind=0 blend=0 scissor=0 ready=0
[GPU] frame=3540 prims=49 verts=294 draws=0 texbind=0 blend=0 scissor=0 ready=0
[SH-XBOX] vblank 3600
[MEM] tick: used=9860KB arena=9880KB
[OTS] f=3600 calls=2 n0=2056 n1=271 prims=31560 bb=0,834,248,625
[FOGPAD] gt=0 fogged=0 padMin=-1 padMax=-1
[ABR] avg=0 add=0 sub=0 q=0 lines=0 unk=0 oversize=20302
[OTT] walkUs=33 texUs=0 emitUs=2 submitUs=0 otherUs=30 prims=49 usPerPrim=0
[GPU] frame=3600 prims=49 verts=294 draws=0 texbind=0 blend=0 scissor=0 ready=0
[GPU] frame=3660 prims=57 verts=342 draws=0 texbind=0 blend=0 scissor=0 ready=0
[OTS] f=3720 calls=2 n0=2056 n1=271 prims=31560 bb=0,834,248,600
[FOGPAD] gt=0 fogged=0 padMin=-1 padMax=-1
[ABR] avg=0 add=0 sub=0 q=0 lines=0 unk=0 oversize=19846
[OTT] walkUs=35 texUs=0 emitUs=3 submitUs=0 otherUs=31 prims=57 usPerPrim=0
[GPU] frame=3720 prims=57 verts=342 draws=0 texbind=0 blend=0 scissor=0 ready=0
[MAP-GUARD] overlay 10 (map2_s00) NOT LINKED — transition refused at GameBoot_GameStartup(demo) (x1)
[MAP-GUARD] overlay 4 (map1_s01) NOT LINKED — transition refused at GameBoot_GameStartup(demo) (x1)
[MAP-GUARD] overlay 5 (map1_s02) NOT LINKED — transition refused at GameBoot_GameStartup(demo) (x1)
[GPU] frame=3780 prims=60 verts=360 draws=0 texbind=0 blend=0 scissor=0 ready=0
[OTS] f=3840 calls=2 n0=2056 n1=271 prims=31560 bb=0,834,248,600
[FOGPAD] gt=0 fogged=0 padMin=-1 padMax=-1
[ABR] avg=0 add=0 sub=0 q=0 lines=0 unk=0 oversize=19288
[OTT] walkUs=36 texUs=0 emitUs=3 submitUs=0 otherUs=32 prims=61 usPerPrim=0
[GPU] frame=3840 prims=61 verts=366 draws=0 texbind=0 blend=0 scissor=0 ready=0
[GPU] frame=3900 prims=56 verts=336 draws=0 texbind=0 blend=0 scissor=0 ready=0
[MCRD] card_info chan=19 -> IOE (n=1280)
[OTS] f=3960 calls=2 n0=2056 n1=271 prims=31560 bb=0,834,248,600
[FOGPAD] gt=0 fogged=0 padMin=-1 padMax=-1
[ABR] avg=0 add=0 sub=0 q=0 lines=0 unk=0 oversize=19770
[OTT] walkUs=32 texUs=0 emitUs=2 submitUs=0 otherUs=29 prims=46 usPerPrim=0
[GPU] frame=3960 prims=46 verts=276 draws=0 texbind=0 blend=0 scissor=0 ready=0
[GPU] frame=4020 prims=41 verts=246 draws=0 texbind=0 blend=0 scissor=0 ready=0
[OTS] f=4080 calls=2 n0=2056 n1=271 prims=31560 bb=0,834,248,574
[FOGPAD] gt=0 fogged=0 padMin=-1 padMax=-1
[ABR] avg=0 add=0 sub=0 q=0 lines=0 unk=0 oversize=21115
[OTT] walkUs=33 texUs=0 emitUs=2 submitUs=0 otherUs=30 prims=51 usPerPrim=0
[GPU] frame=4080 prims=51 verts=306 draws=0 texbind=0 blend=0 scissor=0 ready=0
[GPU] frame=4140 prims=50 verts=300 draws=0 texbind=0 blend=0 scissor=0 ready=0
[SH-XBOX] vblank 4200
[MEM] tick: used=9860KB arena=9880KB
[OTS] f=4200 calls=2 n0=2056 n1=271 prims=31560 bb=0,834,248,574
[FOGPAD] gt=0 fogged=0 padMin=-1 padMax=-1
[ABR] avg=0 add=0 sub=0 q=0 lines=0 unk=0 oversize=20511
[OTT] walkUs=31 texUs=0 emitUs=2 submitUs=0 otherUs=29 prims=44 usPerPrim=0
[GPU] frame=4200 prims=44 verts=264 draws=0 texbind=0 blend=0 scissor=0 ready=0
[GPU] frame=4260 prims=47 verts=282 draws=0 texbind=0 blend=0 scissor=0 ready=0
[OTS] f=4320 calls=2 n0=2056 n1=271 prims=31560 bb=0,834,248,574
[FOGPAD] gt=0 fogged=0 padMin=-1 padMax=-1
[ABR] avg=0 add=0 sub=0 q=0 lines=0 unk=0 oversize=21112
[OTT] walkUs=29 texUs=0 emitUs=2 submitUs=0 otherUs=27 prims=35 usPerPrim=0
[GPU] frame=4320 prims=35 verts=210 draws=0 texbind=0 blend=0 scissor=0 ready=0
[GPU] frame=4380 prims=29 verts=174 draws=0 texbind=0 blend=0 scissor=0 ready=0
[OTS] f=4440 calls=2 n0=2056 n1=271 prims=31560 bb=0,834,248,548
[FOGPAD] gt=0 fogged=0 padMin=-1 padMax=-1
[ABR] avg=0 add=0 sub=0 q=0 lines=0 unk=0 oversize=22730
[OTT] walkUs=26 texUs=0 emitUs=1 submitUs=0 otherUs=25 prims=25 usPerPrim=1
[GPU] frame=4440 prims=25 verts=150 draws=0 texbind=0 blend=0 scissor=0 ready=0
[GPU] frame=4500 prims=20 verts=120 draws=0 texbind=0 blend=0 scissor=0 ready=0
[OTS] f=4560 calls=2 n0=2056 n1=271 prims=31560 bb=0,834,248,548
[FOGPAD] gt=0 fogged=0 padMin=-1 padMax=-1
[ABR] avg=0 add=0 sub=0 q=0 lines=0 unk=0 oversize=23671
[OTT] walkUs=27 texUs=0 emitUs=1 submitUs=0 otherUs=25 prims=28 usPerPrim=0
[GPU] frame=4560 prims=28 verts=168 draws=0 texbind=0 blend=0 scissor=0 ready=0
