[BOOT] Silent Hill 360, timebase=1257070268
[BOOT] root='uda:/silenthill/' bin='Silent Hill (USA).bin' found=1
[CFG] config file: uda:/silenthill/silenthill.cfg
[GTE] RotTransPers v(64,32,512) -> sx=352 sy=256 sz=128 flag=0x1000 (expect sx=352 sy=256)
[CD] bin open: 'uda:/silenthill/Silent Hill (USA).bin'
[CD] BIN: uda:/silenthill/Silent Hill (USA).bin
[CD] PVD id='CD001' (expect CD001)
[GPU] COUNT-ONLY MODE: no vs.vsu / ps.psu next to the disc image, so Xe is left down and the console stays readable
[PAD] libxenon usb up
[MCRD] card path = uda:/silenthill/save/0.MCD
[MCRD] formatted new card at uda:/silenthill/save/0.MCD
[BOOT] PSX RAM @ 0x80d06700
[BOOT] game data initialised
[AUD] xenon_sound up: 48000 Hz stereo, 256-frame chunks
[BOOT] subsystems up; entering MainLoop
[SH-XBOX] layout check ok: sizeof(s_SysWork)=38584 sizeof(s_GameWork)=1496
[PAD] PadInitDirect buf=0x8101fde4
[ARENA] buf0=0x814536d0 buf1=0x81653718
[SH-XBOX] GameState -> 0 (step 0)
[MCFSM] state=0 step=0 (was -1/-1 after 0 f)
[VIB] vibrationEnabled = 0 (0 = off; Options 'Vibration' row)
[PAD] buttons=F1FF
[GPU] frame=0 prims=0 verts=0 draws=0 texbind=0 blend=0 scissor=0 ready=0
[OT] DrawOTag head=0x8101562e (walking; per-node trace off)
[OT] walk done after 2048 nodes (cap hit=0)
[MCFSM] state=1 step=0 (was 0/0 after 0 f)
[MCRD] card_info chan=0 -> IOE (n=1)
[PAD] buttons=FFFF
[MCFSM] state=1 step=2 (was 1/0 after 0 f)
[MCFSM] state=0 step=0 (was 1/2 after 0 f)
[MCFSM] state=1 step=0 (was 0/0 after 0 f)
[MCRD] card_info chan=0 -> IOE (n=2)
[MCFSM] state=1 step=2 (was 1/0 after 0 f)
[MCFSM] state=2 step=0 (was 1/2 after 0 f)
[MCRD] card_clear chan=0 -> IOE (n=1)
[PAD] buttons=FF3F
[MCFSM] state=2 step=2 (was 2/0 after 0 f)
[MCFSM] state=3 step=0 (was 2/2 after 0 f)
[MCRD] card_load chan=0 -> IOE (n=1)
[PAD] buttons=FFFF
[MCFSM] state=3 step=2 (was 3/0 after 0 f)
[LOOSE/INIT] allow_loose_files=0  base=gamedata/load/  verbose=no
[MCFSM] state=4 step=0 (was 3/2 after 0 f)
[MCRD] dir scan chan=0 (n=1)
[MCFSM] state=0 step=0 (was 4/0 after 0 f)
[BOOT0/TIM] PostLoadTim file=6 'FONT16.TIM' ss=0x287 img.u=0 img.v=240 tPage=0,16 clutX=304 clutY=511
[BOOT0/TIM] post ReadTIM: prect=0x80ee8d38 caddr=0x80ee8d14 paddr=0x80ee8d40 mode=8
[BOOT0/TIM] pre pixel LoadImage rect=(0,496 256x16)
[FONTCLOB] Load x=0 y=496 w=256 h=16
[BOOT0/TIM] pre CLUT LoadImage rect=(304,511 16x1)
[BOOT0/TIM] PostLoadTim done
[MCFSM] state=1 step=0 (was 0/0 after 0 f)
[MCRD] formatted new card at uda:/silenthill/save/1.MCD
[MCRD] card_info chan=1 -> IOE (n=3)
[MCFSM] state=1 step=2 (was 1/0 after 0 f)
[MCFSM] state=0 step=0 (was 1/2 after 0 f)
[BOOT0/TIM] PostLoadTim file=8 'KONAMI.TIM' ss=0x28e img.u=0 img.v=0 tPage=0,12 clutX=0 clutY=0
[BOOT0/TIM] post ReadTIM: prect=0x80ee8d38 caddr=0x80ee8d14 paddr=0x80ee8d40 mode=8
[BOOT0/TIM] pre pixel LoadImage rect=(768,0 96x384)
[BOOT0/TIM] pre CLUT LoadImage rect=(0,0 16x1)
[BOOT0/TIM] PostLoadTim done
[MCFSM] state=1 step=0 (was 0/0 after 0 f)
[MCRD] card_info chan=1 -> IOE (n=4)
[MCFSM] state=1 step=2 (was 1/0 after 0 f)
[MCFSM] state=2 step=0 (was 1/2 after 0 f)
[MCRD] card_clear chan=1 -> IOE (n=2)
[MCFSM] state=2 step=2 (was 2/0 after 0 f)
[MCFSM] state=3 step=0 (was 2/2 after 0 f)
[MCRD] card_load chan=1 -> IOE (n=2)
[MCFSM] state=3 step=2 (was 3/0 after 0 f)
[MCFSM] state=4 step=0 (was 3/2 after 0 f)
[MCRD] dir scan chan=1 (n=2)
[MCFSM] state=0 step=0 (was 4/0 after 0 f)
[MCFSM] state=1 step=0 (was 0/0 after 0 f)
[MCRD] card_info chan=2 -> IOE (n=5)
[SH-XBOX] GameState -> 1 (step 0)
[MCFSM] state=1 step=2 (was 1/0 after 0 f)
[PRIM?] code=0xff len=3
[PRIM?] code=0x1d len=1
[PRIM?] code=0x80 len=4
[PRIM?] code=0x1c len=1
[PRIM?] code=0x80 len=4
[PRIM?] code=0x80 len=4
[PRIM?] code=0x80 len=4
[MCFSM] state=0 step=0 (was 1/2 after 0 f)
[PRIM?] code=0xff len=3
[PRIM?] code=0x1d len=1
[PRIM?] code=0x80 len=4
[PRIM?] code=0x1c len=1
[PRIM?] code=0x80 len=4
[PRIM?] code=0x80 len=4
[PRIM?] code=0x80 len=4
[MCFSM] state=1 step=0 (was 0/0 after 0 f)
[MCRD] card_info chan=2 -> IOE (n=6)
[PRIM?] code=0xff len=3
[PRIM?] code=0x1d len=1
[PRIM?] code=0x80 len=4
[PRIM?] code=0x1c len=1
[PRIM?] code=0x80 len=4
[PRIM?] code=0x80 len=4
[PRIM?] code=0x80 len=4
[MCFSM] state=1 step=2 (was 1/0 after 0 f)
[PRIM?] code=0xff len=3
[PRIM?] code=0x1d len=1
[PRIM?] code=0x80 len=4
[MCFSM] state=2 step=0 (was 1/2 after 0 f)
[MCRD] card_clear chan=2 -> IOE (n=3)
[BOOT0/TIM] PostLoadTim file=9 'KONAMI2.TIM' ss=0x2b3 img.u=0 img.v=0 tPage=0,14 clutX=0 clutY=1
[BOOT0/TIM] post ReadTIM: prect=0x80ee8d38 caddr=0x80ee8d14 paddr=0x80ee8d40 mode=8
[BOOT0/TIM] pre pixel LoadImage rect=(896,0 104x160)
[BOOT0/TIM] pre CLUT LoadImage rect=(0,1 16x1)
[BOOT0/TIM] PostLoadTim done
[MCFSM] state=2 step=2 (was 2/0 after 0 f)
[MCFSM] state=3 step=0 (was 2/2 after 0 f)
[MCRD] card_load chan=2 -> IOE (n=3)
[MCFSM] state=3 step=2 (was 3/0 after 0 f)
[MCFSM] state=4 step=0 (was 3/2 after 0 f)
[MCRD] formatted new card at uda:/silenthill/save/2.MCD
[MCRD] dir scan chan=2 (n=3)
[MCFSM] state=0 step=0 (was 4/0 after 0 f)
[MCFSM] state=1 step=0 (was 0/0 after 0 f)
[MCRD] card_info chan=3 -> IOE (n=7)
[MCFSM] state=1 step=2 (was 1/0 after 0 f)
[MCFSM] state=0 step=0 (was 1/2 after 0 f)
[BOOT0/TIM] PostLoadTim file=1423 'HERO.TIM' ss=0x5a6a img.u=0 img.v=0 tPage=0,27 clutX=736 clutY=480
[BOOT0/TIM] post ReadTIM: prect=0x80ee8ef8 caddr=0x80ee8d14 paddr=0x80ee8f00 mode=8
[BOOT0/TIM] pre pixel LoadImage rect=(704,256 64x192)
[BOOT0/TIM] pre CLUT LoadImage rect=(736,480 16x15)
[BOOT0/TIM] PostLoadTim done
[MCFSM] state=1 step=0 (was 0/0 after 0 f)
[MCRD] card_info chan=3 -> IOE (n=8)
[MCFSM] state=1 step=2 (was 1/0 after 0 f)
[MCFSM] state=2 step=0 (was 1/2 after 0 f)
[MCRD] card_clear chan=3 -> IOE (n=4)
[MCFSM] state=2 step=2 (was 2/0 after 0 f)
[MCFSM] state=3 step=0 (was 2/2 after 0 f)
[MCRD] card_load chan=3 -> IOE (n=4)
[MCFSM] state=3 step=2 (was 3/0 after 0 f)
[MCFSM] state=4 step=0 (was 3/2 after 0 f)
[MCRD] formatted new card at uda:/silenthill/save/3.MCD
[MCRD] dir scan chan=3 (n=4)
[MCFSM] state=0 step=0 (was 4/0 after 0 f)
[BOOT0/TIM] PostLoadTim file=1802 'BLD.TIM' ss=0x795b img.u=0 img.v=0 tPage=0,11 clutX=304 clutY=0
[BOOT0/TIM] post ReadTIM: prect=0x80ef3718 caddr=0x80ef3514 paddr=0x80ef3720 mode=8
[BOOT0/TIM] pre pixel LoadImage rect=(704,0 64x256)
[BOOT0/TIM] pre CLUT LoadImage rect=(304,0 16x16)
[BOOT0/TIM] PostLoadTim done
[MCFSM] state=1 step=0 (was 0/0 after 0 f)
[MCRD] card_info chan=16 -> IOE (n=9)
[MCFSM] state=1 step=2 (was 1/0 after 0 f)
[MCFSM] state=0 step=0 (was 1/2 after 0 f)
[MCFSM] state=1 step=0 (was 0/0 after 0 f)
[MCRD] card_info chan=16 -> IOE (n=10)
[MCFSM] state=1 step=2 (was 1/0 after 0 f)
[MCFSM] state=2 step=0 (was 1/2 after 0 f)
[MCRD] card_clear chan=16 -> IOE (n=5)
[GPU] frame=60 prims=1 verts=6 draws=0 texbind=0 blend=0 scissor=0 ready=0
[MCFSM] state=2 step=2 (was 2/0 after 0 f)
[MCFSM] state=3 step=0 (was 2/2 after 0 f)
[MCRD] card_load chan=16 -> IOE (n=5)
[MCFSM] state=3 step=2 (was 3/0 after 0 f)
[MCFSM] state=4 step=0 (was 3/2 after 0 f)
[MCRD] formatted new card at uda:/silenthill/save/8.MCD
[MCRD] dir scan chan=8 (n=5)
[MCFSM] state=0 step=0 (was 4/0 after 0 f)
[MCFSM] state=1 step=0 (was 0/0 after 0 f)
[MCRD] card_info chan=17 -> IOE (n=11)
[MCFSM] state=1 step=2 (was 1/0 after 0 f)
[MCFSM] state=0 step=0 (was 1/2 after 0 f)
[MCFSM] state=1 step=0 (was 0/0 after 0 f)
[MCRD] card_info chan=17 -> IOE (n=12)
[MCRD] card_clear chan=17 -> IOE (n=6)
[MCRD] card_load chan=17 -> IOE (n=6)
[MCRD] formatted new card at uda:/silenthill/save/9.MCD
[MCRD] dir scan chan=9 (n=6)
[MCRD] card_info chan=18 -> IOE (n=13)
[MCRD] card_info chan=18 -> IOE (n=14)
[MCRD] card_clear chan=18 -> IOE (n=7)
[MCRD] card_load chan=18 -> IOE (n=7)
[MCRD] formatted new card at uda:/silenthill/save/10.MCD
[MCRD] dir scan chan=10 (n=7)
[MCRD] card_info chan=19 -> IOE (n=15)
[MCRD] card_info chan=19 -> IOE (n=16)
[MCRD] card_clear chan=19 -> IOE (n=8)
[MCRD] card_load chan=19 -> IOE (n=8)
[MCRD] formatted new card at uda:/silenthill/save/11.MCD
[MCRD] dir scan chan=11 (n=8)
[OTS] f=120 calls=2 n0=27 n1=18 prims=1023 bb=-320,2240,-274,754
[FOGPAD] gt=0 fogged=0 padMin=-1 padMax=-1
[ABR] avg=0 add=0 sub=0 q=111 lines=0 unk=623 oversize=0
[OTT] walkUs=0 texUs=0 emitUs=0 submitUs=0 otherUs=0 prims=1 usPerPrim=0
[GPU] frame=120 prims=1 verts=6 draws=0 texbind=0 blend=0 scissor=0 ready=0
[GPU] frame=180 prims=1 verts=6 draws=0 texbind=0 blend=0 scissor=0 ready=0
[OTS] f=240 calls=1 n0=27 n1=18 prims=1320 bb=0,1280,-17,497
[FOGPAD] gt=0 fogged=0 padMin=-1 padMax=-1
[ABR] avg=0 add=0 sub=0 q=120 lines=0 unk=840 oversize=0
[OTT] walkUs=0 texUs=0 emitUs=0 submitUs=0 otherUs=0 prims=1 usPerPrim=0
[GPU] frame=240 prims=1 verts=6 draws=0 texbind=0 blend=0 scissor=0 ready=0
[GPU] frame=300 prims=1 verts=6 draws=0 texbind=0 blend=0 scissor=0 ready=0
[OTS] f=360 calls=1 n0=27 n1=18 prims=1314 bb=0,1280,-17,497
[FOGPAD] gt=0 fogged=0 padMin=-1 padMax=-1
[ABR] avg=0 add=0 sub=0 q=117 lines=0 unk=840 oversize=0
[OTT] walkUs=0 texUs=0 emitUs=0 submitUs=0 otherUs=0 prims=1 usPerPrim=0
[GPU] frame=360 prims=1 verts=6 draws=0 texbind=0 blend=0 scissor=0 ready=0
[GPU] frame=420 prims=1 verts=6 draws=0 texbind=0 blend=0 scissor=0 ready=0
[OTS] f=480 calls=1 n0=27 n1=18 prims=1320 bb=0,1280,-17,497
[FOGPAD] gt=0 fogged=0 padMin=-1 padMax=-1
[ABR] avg=0 add=0 sub=0 q=120 lines=0 unk=840 oversize=0
[OTT] walkUs=0 texUs=0 emitUs=0 submitUs=0 otherUs=0 prims=1 usPerPrim=0
[GPU] frame=480 prims=1 verts=6 draws=0 texbind=0 blend=0 scissor=0 ready=0
[GPU] frame=540 prims=1 verts=6 draws=0 texbind=0 blend=0 scissor=0 ready=0
[SH-XBOX] vblank 600
[MEM] tick: used=4231KB arena=4237KB
[OTS] f=600 calls=1 n0=27 n1=18 prims=1320 bb=0,1280,-17,497
[FOGPAD] gt=0 fogged=0 padMin=-1 padMax=-1
[ABR] avg=0 add=0 sub=0 q=120 lines=0 unk=840 oversize=0
[OTT] walkUs=0 texUs=0 emitUs=0 submitUs=0 otherUs=0 prims=1 usPerPrim=0
[GPU] frame=600 prims=1 verts=6 draws=0 texbind=0 blend=0 scissor=0 ready=0
[GPU] frame=660 prims=1 verts=6 draws=0 texbind=0 blend=0 scissor=0 ready=0
[SH-XBOX] GameState -> 2 (step 0)
[BOOT0/TIM] PostLoadTim file=1799 'BG_ETC.TIM' ss=0x7906 img.u=0 img.v=0 tPage=0,12 clutX=192 clutY=0
[BOOT0/TIM] post ReadTIM: prect=0x80ee8e78 caddr=0x80ee8d14 paddr=0x80ee8e80 mode=8
[BOOT0/TIM] pre pixel LoadImage rect=(768,0 32x256)
[BOOT0/TIM] pre CLUT LoadImage rect=(192,0 16x11)
[BOOT0/TIM] PostLoadTim done
[OTS] f=720 calls=2 n0=23 n1=18 prims=1085 bb=0,1280,-17,497
[FOGPAD] gt=0 fogged=0 padMin=-1 padMax=-1
[ABR] avg=0 add=0 sub=0 q=118 lines=0 unk=615 oversize=0
[OTT] walkUs=0 texUs=0 emitUs=0 submitUs=0 otherUs=0 prims=1 usPerPrim=0
[GPU] frame=720 prims=1 verts=6 draws=0 texbind=0 blend=0 scissor=0 ready=0
[GPU] frame=780 prims=1 verts=6 draws=0 texbind=0 blend=0 scissor=0 ready=0
[MCRD] card_info chan=19 -> IOE (n=256)
[OTS] f=840 calls=1 n0=23 n1=18 prims=840 bb=0,1280,-17,497
[FOGPAD] gt=0 fogged=0 padMin=-1 padMax=-1
[ABR] avg=0 add=0 sub=0 q=120 lines=0 unk=360 oversize=0
[OTT] walkUs=0 texUs=0 emitUs=0 submitUs=0 otherUs=0 prims=1 usPerPrim=0
[GPU] frame=840 prims=1 verts=6 draws=0 texbind=0 blend=0 scissor=0 ready=0
[GPU] frame=900 prims=1 verts=6 draws=0 texbind=0 blend=0 scissor=0 ready=0
[OTS] f=960 calls=1 n0=23 n1=18 prims=840 bb=0,1280,-17,497
[FOGPAD] gt=0 fogged=0 padMin=-1 padMax=-1
[ABR] avg=0 add=0 sub=0 q=120 lines=0 unk=360 oversize=0
[OTT] walkUs=0 texUs=0 emitUs=0 submitUs=0 otherUs=0 prims=1 usPerPrim=0
[GPU] frame=960 prims=1 verts=6 draws=0 texbind=0 blend=0 scissor=0 ready=0
[VIB] vibrationEnabled = 128 (0 = off; Options 'Vibration' row)
[GPU] frame=1020 prims=1 verts=6 draws=0 texbind=0 blend=0 scissor=0 ready=0
[OTS] f=1080 calls=1 n0=23 n1=18 prims=811 bb=0,1280,-17,497
[FOGPAD] gt=0 fogged=0 padMin=-1 padMax=-1
[ABR] avg=0 add=0 sub=0 q=113 lines=0 unk=351 oversize=0
[OTT] walkUs=0 texUs=0 emitUs=0 submitUs=0 otherUs=0 prims=1 usPerPrim=0
[GPU] frame=1080 prims=1 verts=6 draws=0 texbind=0 blend=0 scissor=0 ready=0
[GPU] frame=1140 prims=1 verts=6 draws=0 texbind=0 blend=0 scissor=0 ready=0
[SH-XBOX] vblank 1200
[MEM] tick: used=4231KB arena=4237KB
[OTS] f=1200 calls=1 n0=23 n1=18 prims=840 bb=0,1280,-17,497
[FOGPAD] gt=0 fogged=0 padMin=-1 padMax=-1
[ABR] avg=0 add=0 sub=0 q=120 lines=0 unk=360 oversize=0
[OTT] walkUs=0 texUs=0 emitUs=0 submitUs=0 otherUs=0 prims=1 usPerPrim=0
[GPU] frame=1200 prims=1 verts=6 draws=0 texbind=0 blend=0 scissor=0 ready=0
[GPU] frame=1260 prims=1 verts=6 draws=0 texbind=0 blend=0 scissor=0 ready=0
[BOOT0/TIM] PostLoadTim file=1980 'TITLE_E.TIM' ss=0x90b7 img.u=32 img.v=0 tPage=1,13 clutX=224 clutY=15
[BOOT0/TIM] post ReadTIM: prect=0x80eb8f18 caddr=0x80eb8d14 paddr=0x80eb8f20 mode=9
[BOOT0/TIM] pre pixel LoadImage rect=(864,0 160x480)
[BOOT0/TIM] pre CLUT LoadImage rect=(224,15 256x1)
[BOOT0/TIM] PostLoadTim done
[GPU] frame=1320 prims=1 verts=6 draws=0 texbind=0 blend=0 scissor=0 ready=0
[SH-XBOX] GameState -> 6 (step 0)
[SH] open_main: playing FMV (file=2053 frames=0)
[FMV] stub: movie 2053 skipped, no 360 decoder yet
[SH] open_main: FMV_Play returned
[SH-XBOX] GameState -> 7 (step 0)
[BOOT-STEP] GameStartup step=0 qlen=0
[TRANSITION] GameStartup step=0: processFlags=0x20 (BootDemo) sizeof(s_WorldGfxWork)=zu
[VRAM] texture cache: 96/96 slots (256KB each), free=28808KB after
[GPU] ReadbackSurface unavailable (no resolve target yet)
[VRAM] miss cause: evict=0 inval=0 cold=2 (alloc=96)
[VRAM] paletted cache: 64/64 pages (64KB) + 128/128 palettes, free=33033KB
[BOOT-STEP] GameStartup step=1 qlen=0
[FONTCLOB] Load x=8 y=0 w=1016 h=14385
[FONTCLOB] Load x=8 y=0 w=1016 h=14385
[FONTCLOB] Load x=8 y=0 w=1016 h=14898
[FONTCLOB] Load x=8 y=0 w=1016 h=14898
[FONTCLOB] Load x=8 y=0 w=1016 h=14898
[FONTCLOB] Load x=8 y=0 w=1016 h=10532
[FONTCLOB] Load x=8 y=0 w=1016 h=10532
[FONTCLOB] Load x=8 y=0 w=1016 h=15669
[FONTCLOB] Load x=8 y=0 w=1016 h=15669
[FONTCLOB] Load x=8 y=0 w=1016 h=15669
[STP] tpage=0x2722 clut=0x352e zero=65053 stp1=71
[STP] tpage=0x4139 clut=0x3b34 zero=65536 stp1=0
[STP] tpage=0x2722 clut=0x4db8 zero=65053 stp1=71
[STP] tpage=0x312a clut=0x2722 zero=65208 stp1=84
[STP] tpage=0x4139 clut=0x3730 zero=65536 stp1=0
[STP] tpage=0x3f37 clut=0x352e zero=65536 stp1=0
[STP] tpage=0x3b34 clut=0x342d zero=65536 stp1=0
[STP] tpage=0x3d35 clut=0x322c zero=65536 stp1=0
[FONTCLOB] Load x=8 y=0 w=1016 h=12586
[STP] tpage=0x2722 clut=0x4e00 zero=65068 stp1=96
[STP] tpage=0x312a clut=0x2722 zero=65293 stp1=35
[STP] tpage=0x2722 clut=0x2722 zero=65068 stp1=96
[STP] tpage=0x2d28 clut=0x3f37 zero=65297 stp1=26
[FONTCLOB] Load x=8 y=0 w=1016 h=12586
[FONTCLOB] Load x=8 y=0 w=1016 h=12586
[FONTCLOB] Load x=8 y=0 w=1016 h=15156
[FONTCLOB] Load x=8 y=0 w=1016 h=12586
[FONTCLOB] Load x=8 y=0 w=1016 h=15156
[FONTCLOB] Load x=8 y=0 w=1016 h=12586
[FONTCLOB] Load x=8 y=0 w=1016 h=14385
[FONTCLOB] Load x=8 y=0 w=1016 h=14385
[FONTCLOB] Load x=8 y=0 w=1016 h=14385
[GPU] frame=1380 prims=63 verts=288 draws=0 texbind=36 blend=34 scissor=0 ready=0
[FONTCLOB] Load x=8 y=0 w=1016 h=13357
[FONTCLOB] Load x=8 y=0 w=1016 h=13357
[FONTCLOB] Load x=8 y=0 w=1016 h=13357
[FONTCLOB] Load x=8 y=0 w=1016 h=12586
[FONTCLOB] Load x=8 y=0 w=1016 h=12586
[FONTCLOB] Load x=8 y=0 w=1016 h=13357
[FONTCLOB] Load x=8 y=0 w=1016 h=14128
[FONTCLOB] Load x=8 y=0 w=1016 h=13357
[FONTCLOB] Load x=8 y=0 w=1016 h=14128
[FONTCLOB] Load x=8 y=0 w=1016 h=13357
[FONTCLOB] Load x=8 y=0 w=1016 h=13614
[FONTCLOB] Load x=8 y=0 w=1016 h=12586
[FONTCLOB] Load x=8 y=0 w=1016 h=13614
[FONTCLOB] Load x=8 y=0 w=1016 h=12586
[FONTCLOB] Load x=8 y=0 w=1016 h=13614
[FONTCLOB] Load x=8 y=0 w=1016 h=12073
[FONTCLOB] Load x=8 y=0 w=1016 h=12073
[FONTCLOB] Load x=8 y=0 w=1016 h=12073
[FONTCLOB] Load x=8 y=0 w=1016 h=11302
[OTS] f=1440 calls=2 n0=2056 n1=271 prims=35741 bb=-64566,30402,-274,23902
[FOGPAD] gt=2209 fogged=0 padMin=-1 padMax=-1
[ABR] avg=205 add=1172 sub=148 q=648 lines=1697 unk=10491 oversize=5319
[OTT] walkUs=28 texUs=1 emitUs=2 submitUs=0 otherUs=24 prims=36 usPerPrim=0
[GPU] frame=1440 prims=35 verts=159 draws=0 texbind=11 blend=24 scissor=0 ready=0
[VRAM] decode #512
[VRAM] miss cause: evict=58 inval=118 cold=338 (alloc=96)
[GPU] frame=1500 prims=49 verts=237 draws=0 texbind=23 blend=30 scissor=0 ready=0
